// Jest Snapshot v1, https://goo.gl/fbAQLP

exports[`Cookies page component should render correctly 1`] = `
<DocumentFragment>
  <div
    class="css-18rbhl5"
  >
    <h3
      class="MuiTypography-root MuiTypography-h3 css-nxx1w0-MuiTypography-root"
    >
      title
    </h3>
    <div
      class="css-9c2a3a"
    >
      <h4
        class="MuiTypography-root MuiTypography-h4 css-5lbw0b-MuiTypography-root"
      >
        cookie-policy-title
      </h4>
      <p
        class="MuiTypography-root MuiTypography-body1 css-izaxaw-MuiTypography-root"
      >
        cookie-policy
      </p>
    </div>
    <div
      class="css-9c2a3a"
    >
      <h4
        class="MuiTypography-root MuiTypography-h4 css-5lbw0b-MuiTypography-root"
      >
        cookie-management-title
      </h4>
      <div
        class="MuiGrid-root MuiGrid-container MuiGrid-spacing-xs-4 MuiGrid-direction-xs-column css-dy4j06-MuiGrid-root"
      >
        <div
          class="MuiGrid-root MuiGrid-container MuiGrid-item css-i6prtc-MuiGrid-root"
        >
          <div
            class="MuiGrid-root MuiGrid-item MuiGrid-grid-xs-2 MuiGrid-grid-sm-1 css-1ux21pi-MuiGrid-root"
          >
            <span
              class="MuiSwitch-root MuiSwitch-sizeMedium css-julti5-MuiSwitch-root"
            >
              <span
                aria-disabled="true"
                class="MuiButtonBase-root MuiSwitch-switchBase MuiSwitch-colorSecondary Mui-checked Mui-disabled Mui-disabled PrivateSwitchBase-root MuiSwitch-switchBase MuiSwitch-colorSecondary Mui-checked Mui-disabled Mui-checked Mui-disabled css-1op2d48-MuiButtonBase-root-MuiSwitch-switchBase"
                tabindex="-1"
              >
                <input
                  aria-describedby="essential-cookies-description"
                  aria-labelledby="essential-cookies-title"
                  checked=""
                  class="PrivateSwitchBase-input MuiSwitch-input css-1m9pwf3"
                  disabled=""
                  type="checkbox"
                />
                <span
                  class="MuiSwitch-thumb css-jsexje-MuiSwitch-thumb"
                />
              </span>
              <span
                class="MuiSwitch-track css-1yjjitx-MuiSwitch-track"
              />
            </span>
          </div>
          <div
            class="MuiGrid-root MuiGrid-item MuiGrid-grid-xs-4 MuiGrid-grid-sm-2 css-1kb962v-MuiGrid-root"
          >
            <p
              class="MuiTypography-root MuiTypography-body1 css-ahj2mt-MuiTypography-root"
              id="essential-cookies-title"
            >
              essential-cookies-title
            </p>
          </div>
          <div
            class="MuiGrid-root MuiGrid-item MuiGrid-grid-xs-12 MuiGrid-grid-sm-9 css-173qa7i-MuiGrid-root"
            id="essential-cookies-description"
          >
            <p
              class="MuiTypography-root MuiTypography-body1 css-ahj2mt-MuiTypography-root"
            >
              essential-cookies-description
            </p>
            <ul
              class="css-n085mf"
            >
              <li
                class="MuiTypography-root MuiTypography-body1 css-1l9301p-MuiTypography-root"
              >
                cookies-page.essential-cookies-list 1
              </li>
              <li
                class="MuiTypography-root MuiTypography-body1 css-1l9301p-MuiTypography-root"
              >
                cookies-page.essential-cookies-list 2
              </li>
              <li
                class="MuiTypography-root MuiTypography-body1 css-1l9301p-MuiTypography-root"
              >
                cookies-page.essential-cookies-list 3
              </li>
            </ul>
          </div>
        </div>
        <div
          class="MuiGrid-root MuiGrid-container MuiGrid-item css-i6prtc-MuiGrid-root"
        >
          <div
            class="MuiGrid-root MuiGrid-item MuiGrid-grid-xs-2 MuiGrid-grid-sm-1 css-1ux21pi-MuiGrid-root"
          >
            <span
              class="MuiSwitch-root MuiSwitch-sizeMedium css-julti5-MuiSwitch-root"
            >
              <span
                class="MuiButtonBase-root MuiSwitch-switchBase MuiSwitch-colorSecondary PrivateSwitchBase-root MuiSwitch-switchBase MuiSwitch-colorSecondary css-1op2d48-MuiButtonBase-root-MuiSwitch-switchBase"
              >
                <input
                  aria-describedby="analytics-cookies-description"
                  aria-labelledby="analytics-cookies-title"
                  class="PrivateSwitchBase-input MuiSwitch-input css-1m9pwf3"
                  type="checkbox"
                />
                <span
                  class="MuiSwitch-thumb css-jsexje-MuiSwitch-thumb"
                />
                <span
                  class="MuiTouchRipple-root css-8je8zh-MuiTouchRipple-root"
                />
              </span>
              <span
                class="MuiSwitch-track css-1yjjitx-MuiSwitch-track"
              />
            </span>
          </div>
          <div
            class="MuiGrid-root MuiGrid-item MuiGrid-grid-xs-4 MuiGrid-grid-sm-2 css-1kb962v-MuiGrid-root"
          >
            <p
              class="MuiTypography-root MuiTypography-body1 css-ahj2mt-MuiTypography-root"
              id="analytics-cookies-title"
            >
              analytics-cookies-title
            </p>
          </div>
          <div
            class="MuiGrid-root MuiGrid-item MuiGrid-grid-xs-12 MuiGrid-grid-sm-9 css-173qa7i-MuiGrid-root"
            id="analytics-cookies-description"
          >
            <p
              class="MuiTypography-root MuiTypography-body1 css-ahj2mt-MuiTypography-root"
            >
              analytics-cookies-description
            </p>
            <ul
              class="css-n085mf"
            >
              <li
                class="MuiTypography-root MuiTypography-body1 css-1l9301p-MuiTypography-root"
              >
                google-analytics-description
              </li>
            </ul>
          </div>
        </div>
      </div>
    </div>
    <button
      class="MuiButtonBase-root MuiButton-root MuiButton-contained MuiButton-containedPrimary MuiButton-sizeMedium MuiButton-containedSizeMedium MuiButton-root MuiButton-contained MuiButton-containedPrimary MuiButton-sizeMedium MuiButton-containedSizeMedium css-ekw1he-MuiButtonBase-root-MuiButton-root"
      tabindex="0"
      type="button"
    >
      save-preferences-button
      <span
        class="MuiTouchRipple-root css-8je8zh-MuiTouchRipple-root"
      />
    </button>
  </div>
</DocumentFragment>
`;
