// Jest Snapshot v1, https://goo.gl/fbAQLP

exports[`Maintenance page component should render correctly 1`] = `
<DocumentFragment>
  <div
    class="MuiBox-root css-hh6rrp"
  >
    <h3
      class="MuiTypography-root MuiTypography-h3 css-11q8ert-MuiTypography-root"
    >
      Maintenance
    </h3>
    <div
      class="MuiBox-root css-9c2a3a"
    >
      <h4
        class="MuiTypography-root MuiTypography-h4 css-5lbw0b-MuiTypography-root"
      >
        test
      </h4>
    </div>
  </div>
</DocumentFragment>
`;
