// Jest Snapshot v1, https://goo.gl/fbAQLP

exports[`Example component renders correctly 1`] = `
<DocumentFragment>
  <div>
    test notification
  </div>
</DocumentFragment>
`;
